app/durable_objects/GameRoom.ts(109,14): error TS2339: Property 'gameLoopInterval' does not exist on type 'GameRoomDurableObject'.
app/durable_objects/GameRoom.ts(115,18): error TS2339: Property 'gameLoopInterval' does not exist on type 'GameRoomDurableObject'.
app/durable_objects/GameRoom.ts(116,32): error TS2339: Property 'gameLoopInterval' does not exist on type 'GameRoomDurableObject'.
app/durable_objects/GameRoom.ts(117,18): error TS2339: Property 'gameLoopInterval' does not exist on type 'GameRoomDurableObject'.
